[botspaceman1211.netlify.app/index.html]
[backblue.gif]
[fade.gif]
[index.html]
[botspaceman1211.netlify.app/css/font-awesome.css]
[botspaceman1211.netlify.app/css/bootstrap.min.css]
[botspaceman1211.netlify.app/css/style.css]
[botspaceman1211.netlify.app/images/logo.gif]
[botspaceman1211.netlify.app/images/background.jpg]
[botspaceman1211.netlify.app/images/gif.gif]
[botspaceman1211.netlify.app/img/loader.html]
[botspaceman1211.netlify.app/js/jquery.min.js]
[botspaceman1211.netlify.app/js/bootstrap.min.js]
[botspaceman1211.netlify.app/js/jquery.validate.min.js]
[botspaceman1211.netlify.app/js/jquery.typewriter.min.js]
[botspaceman1211.netlify.app/js/buzz.min.js]
[botspaceman1211.netlify.app/index.html]
[botspaceman1211.netlify.app/js/script.js]
[botspaceman1211.netlify.app/css/font/fontawesome-webfont3e6e3e6e.html]
[botspaceman1211.netlify.app/css/font/fontawesome-webfontd41dd41d.html]
[botspaceman1211.netlify.app/fonts/fontawesome-webfont.woff2]
[botspaceman1211.netlify.app/css/font/fontawesome-webfont3e6e-23e6e.html]
[botspaceman1211.netlify.app/css/font/fontawesome-webfont3e6e-33e6e.html]
[botspaceman1211.netlify.app/css/font-awesome.css]
[botspaceman1211.netlify.app/css/font/fontawesome-webfont3e6e-43e6e.html]
[botspaceman1211.netlify.app/css/bootstrap.min.css]
[botspaceman1211.netlify.app/index-2.html]
[botspaceman1211.netlify.app/cash.html]
[botspaceman1211.netlify.app/gold.html]
[botspaceman1211.netlify.app/iso8.html]
[botspaceman1211.netlify.app/rp.html]
[botspaceman1211.netlify.app/css/img/usr.html]
[botspaceman1211.netlify.app/css/img/arrow.html]
[botspaceman1211.netlify.app/css/style.css]
[botspaceman1211.netlify.app/img/loader.html]
[botspaceman1211.netlify.app/css/font/fontawesome-webfont3e6e3e6e.html]
[botspaceman1211.netlify.app/css/font/fontawesome-webfontd41dd41d.html]
[botspaceman1211.netlify.app/css/font/fontawesome-webfont3e6e-23e6e.html]
[botspaceman1211.netlify.app/css/font/fontawesome-webfont3e6e-33e6e.html]
[botspaceman1211.netlify.app/css/font/fontawesome-webfont3e6e-43e6e.html]
[botspaceman1211.netlify.app/index-2.html]
[botspaceman1211.netlify.app/cash.html]
[botspaceman1211.netlify.app/gold.html]
[botspaceman1211.netlify.app/iso8.html]
[botspaceman1211.netlify.app/rp.html]
[botspaceman1211.netlify.app/css/img/usr.html]
[botspaceman1211.netlify.app/css/img/arrow.html]
[botspaceman1211.netlify.app/sprite.html]
[botspaceman1211.netlify.app/sprite.html]
